[1] "Simulation time: 0.15 seconds"
[1] "Total population: 33722.15"
=== HMC Calibration: HCV PWID Model ===
Chains: 4 | Warmup: 500 | Sampling: 100 | L: 10
Using Nelder-Mead priors from: /Users/yichenhe/Desktop/Work/HepC-Transimission-Modelling/two-steps-calibration/nelder_mead_fit.rds
Approx ODE runs per HMC step: 396
[Chain 2] Starting  n_iter=600 | n_warmup=500 | eps0=0.0100 | L=10
[Chain 4] Starting  n_iter=600 | n_warmup=500 | eps0=0.0100 | L=10
[Chain 3] Starting  n_iter=600 | n_warmup=500 | eps0=0.0100 | L=10
[Chain 1] Starting  n_iter=600 | n_warmup=500 | eps0=0.0100 | L=10
[Chain 1] iter= 100 (warmup) | lp=  -34.29 | acc=0.63 | eps=0.00910
[Chain 2] iter= 100 (warmup) | lp=  -34.80 | acc=0.62 | eps=0.02594
[Chain 4] iter= 100 (warmup) | lp=  -40.85 | acc=0.65 | eps=0.00882
[Chain 3] iter= 100 (warmup) | lp=  -36.42 | acc=0.63 | eps=0.00903
[Chain 1] iter= 200 (warmup) | lp=  -35.03 | acc=0.62 | eps=0.01436
[Chain 3] iter= 200 (warmup) | lp=  -36.43 | acc=0.65 | eps=0.01095
[Chain 4] iter= 200 (warmup) | lp=  -33.04 | acc=0.69 | eps=0.00815
[Chain 2] iter= 200 (warmup) | lp=  -34.45 | acc=0.61 | eps=0.02758
[Chain 1] iter= 300 (warmup) | lp=  -31.74 | acc=0.67 | eps=0.02072
[Chain 3] iter= 300 (warmup) | lp=  -35.07 | acc=0.67 | eps=0.02118
[Chain 4] iter= 300 (warmup) | lp=  -30.90 | acc=0.65 | eps=0.01095
[Chain 2] iter= 300 (warmup) | lp=  -35.67 | acc=0.67 | eps=0.01443
[Chain 1] iter= 400 (warmup) | lp=  -37.66 | acc=0.63 | eps=0.01500
[Chain 3] iter= 400 (warmup) | lp=  -32.92 | acc=0.67 | eps=0.02689
[Chain 2] iter= 400 (warmup) | lp=  -37.68 | acc=0.69 | eps=0.02685
[Chain 4] iter= 400 (warmup) | lp=  -34.20 | acc=0.64 | eps=0.03526
[Chain 1] Warmup done. Adapted eps = 0.01889
[Chain 1] iter= 500 (warmup) | lp=  -35.94 | acc=0.62 | eps=0.01889
[Chain 3] Warmup done. Adapted eps = 0.01913
[Chain 3] iter= 500 (warmup) | lp=  -45.19 | acc=0.67 | eps=0.01913
[Chain 4] Warmup done. Adapted eps = 0.01910
[Chain 4] iter= 500 (warmup) | lp=  -34.97 | acc=0.65 | eps=0.01910
[Chain 2] Warmup done. Adapted eps = 0.01896
[Chain 2] iter= 500 (warmup) | lp=  -36.52 | acc=0.63 | eps=0.01896
[Chain 1] iter= 600 (sample) | lp=  -32.74 | acc=0.77 | eps=0.01889
[Chain 3] iter= 600 (sample) | lp=  -34.71 | acc=0.79 | eps=0.01913
[Chain 4] iter= 600 (sample) | lp=  -38.33 | acc=0.80 | eps=0.01910
[Chain 2] iter= 600 (sample) | lp=  -34.74 | acc=0.80 | eps=0.01896

Total post-warmup samples: 400 (100 x 4 chains)

=== Parameter Correlation Matrix (log scale / fitted theta) ===
        alpha_1 alpha_2 alpha_3 alpha_4 alpha_5 alpha_6 alpha_7 alpha_8 alpha_9
alpha_1   1.000   0.009  -0.355  -0.247   0.023   0.144   0.054  -0.006  -0.013
alpha_2   0.009   1.000   0.060  -0.178  -0.200   0.088   0.124   0.059   0.030
alpha_3  -0.355   0.060   1.000  -0.212  -0.384   0.100   0.206   0.158   0.128
alpha_4  -0.247  -0.178  -0.212   1.000   0.039  -0.416  -0.061  -0.010  -0.030
alpha_5   0.023  -0.200  -0.384   0.039   1.000  -0.436  -0.598  -0.452  -0.381
alpha_6   0.144   0.088   0.100  -0.416  -0.436   1.000   0.135  -0.073  -0.092
alpha_7   0.054   0.124   0.206  -0.061  -0.598   0.135   1.000   0.861   0.717
alpha_8  -0.006   0.059   0.158  -0.010  -0.452  -0.073   0.861   1.000   0.946
alpha_9  -0.013   0.030   0.128  -0.030  -0.381  -0.092   0.717   0.946   1.000
gamma_1  -0.309  -0.254  -0.288  -0.137  -0.048  -0.079  -0.066   0.006   0.053
gamma_2  -0.149  -0.163  -0.166  -0.181   0.080  -0.071  -0.135  -0.076  -0.039
gamma_3   0.028  -0.028  -0.159  -0.039  -0.061  -0.136  -0.154  -0.067  -0.051
gamma_4  -0.094  -0.149   0.022  -0.123  -0.187  -0.043  -0.003   0.056   0.076
gamma_5  -0.128  -0.021   0.024  -0.150  -0.171  -0.079   0.124   0.197   0.244
gamma_6  -0.086   0.034   0.024  -0.076  -0.180   0.017   0.207   0.293   0.335
gamma_7  -0.021   0.053   0.090  -0.097  -0.122   0.049   0.250   0.319   0.358
gamma_8  -0.011   0.082   0.110  -0.083  -0.146   0.072   0.242   0.314   0.355
gamma_9  -0.023   0.091   0.110  -0.067  -0.141   0.044   0.225   0.296   0.340
        gamma_1 gamma_2 gamma_3 gamma_4 gamma_5 gamma_6 gamma_7 gamma_8 gamma_9
alpha_1  -0.309  -0.149   0.028  -0.094  -0.128  -0.086  -0.021  -0.011  -0.023
alpha_2  -0.254  -0.163  -0.028  -0.149  -0.021   0.034   0.053   0.082   0.091
alpha_3  -0.288  -0.166  -0.159   0.022   0.024   0.024   0.090   0.110   0.110
alpha_4  -0.137  -0.181  -0.039  -0.123  -0.150  -0.076  -0.097  -0.083  -0.067
alpha_5  -0.048   0.080  -0.061  -0.187  -0.171  -0.180  -0.122  -0.146  -0.141
alpha_6  -0.079  -0.071  -0.136  -0.043  -0.079   0.017   0.049   0.072   0.044
alpha_7  -0.066  -0.135  -0.154  -0.003   0.124   0.207   0.250   0.242   0.225
alpha_8   0.006  -0.076  -0.067   0.056   0.197   0.293   0.319   0.314   0.296
alpha_9   0.053  -0.039  -0.051   0.076   0.244   0.335   0.358   0.355   0.340
gamma_1   1.000   0.363   0.102   0.252   0.335   0.198   0.030  -0.019  -0.019
gamma_2   0.363   1.000   0.440   0.189  -0.043  -0.095  -0.199  -0.253  -0.257
gamma_3   0.102   0.440   1.000   0.400   0.089  -0.123  -0.193  -0.207  -0.235
gamma_4   0.252   0.189   0.400   1.000   0.578   0.348   0.230   0.215   0.245
gamma_5   0.335  -0.043   0.089   0.578   1.000   0.818   0.718   0.719   0.743
gamma_6   0.198  -0.095  -0.123   0.348   0.818   1.000   0.943   0.928   0.942
gamma_7   0.030  -0.199  -0.193   0.230   0.718   0.943   1.000   0.983   0.964
gamma_8  -0.019  -0.253  -0.207   0.215   0.719   0.928   0.983   1.000   0.978
gamma_9  -0.019  -0.257  -0.235   0.245   0.743   0.942   0.964   0.978   1.000

======================================================
          Convergence Diagnostics Summary
  Target: R-hat < 1.05   |   ESS > 100 per parameter
======================================================
 Parameter Mean_log SD_log   Rhat   ESS Conv_OK
   alpha_1   2.1404 0.1103 1.0042 164.4     YES
   alpha_2  -0.6712 0.1041 1.0001 400.0     YES
   alpha_3  -1.3517 0.0967 1.0158 201.0     YES
   alpha_4  -2.5810 0.0697 1.0021 400.0     YES
   alpha_5  -1.4044 0.0792 1.1034  42.1      NO
   alpha_6   1.9492 0.0691 0.9995 400.0     YES
   alpha_7   0.6887 0.1898 1.4076  13.0      NO
   alpha_8  -0.9067 0.4127 1.7818   8.2      NO
   alpha_9  -1.4346 0.7022 1.7951   7.7      NO
   gamma_1   1.6908 0.1562 1.0041  71.5      NO
   gamma_2   1.0055 0.1359 1.0261  84.9      NO
   gamma_3   1.3537 0.1301 1.0271 115.5     YES
   gamma_4  -0.1859 0.1567 1.0319  79.3      NO
   gamma_5   2.4636 0.2252 1.4837  17.5      NO
   gamma_6   5.2232 0.3480 2.2705   9.9      NO
   gamma_7   4.5080 0.4722 2.5472   9.0      NO
   gamma_8   2.6055 0.6070 2.5496   8.8      NO
   gamma_9   0.5688 0.7484 2.5150   8.8      NO

Divergences per chain (post-warmup):
Chain 1 Chain 2 Chain 3 Chain 4 
      0       0       0       0 

Acceptance rates per chain (post-warmup):
 Chain Acc_rate Eps_final
     1     0.77   0.01889
     2     0.80   0.01896
     3     0.79   0.01913
     4     0.80   0.01910

=== Posterior Summary (original scale) ===
             Parameter     Mean      SD    Q2.5     Q50    Q97.5
     C_contact_scale_1   8.5540  0.9393  6.8014  8.4910  10.3308
     C_contact_scale_2   0.3953  0.0262  0.3420  0.3957   0.4519
     C_contact_scale_3   0.1728  0.0094  0.1559  0.1720   0.1935
     C_contact_scale_4   0.1132  0.0053  0.1035  0.1129   0.1235
     C_contact_scale_5   0.1877  0.0096  0.1677  0.1881   0.2074
     C_contact_scale_6   0.8133  0.0326  0.7492  0.8131   0.8785
     C_contact_scale_7   3.2594  0.1686  2.9501  3.2550   3.6164
     C_contact_scale_8   2.8118  0.3910  2.1870  2.7632   3.7231
     C_contact_scale_9   0.8985  0.2911  0.5161  0.8221   1.6405
    C_contact_scale_10   0.3080  0.2396  0.0859  0.2095   0.9715
  tot_in_scaling_fct_1   5.4876  0.8131  3.7284  5.4430   7.0970
  tot_in_scaling_fct_2   3.0511  0.3304  2.4241  3.0349   3.6749
  tot_in_scaling_fct_3   2.1619  0.2488  1.7513  2.1415   2.6930
  tot_in_scaling_fct_4   1.6852  0.2340  1.2724  1.6643   2.1633
  tot_in_scaling_fct_5   5.0956  0.9372  3.5664  5.0743   7.0137
  tot_in_scaling_fct_6  29.9505  7.7215 18.9665 28.2472  45.7298
  tot_in_scaling_fct_7 110.1694 38.3884 62.1877 99.7878 189.2619
  tot_in_scaling_fct_8 111.2444 48.6781 53.7533 94.1885 210.0495
  tot_in_scaling_fct_9  34.9939 18.7498 12.4706 29.2545  74.0124
 tot_in_scaling_fct_10   2.2816  1.5551  0.4696  1.9084   5.5136

=== Generating Posterior Predictive Samples ===
Generating 400 PPC draws from 400 posterior samples...
  PPC draw 50 / 400
  PPC draw 100 / 400
  PPC draw 150 / 400
  PPC draw 200 / 400
  PPC draw 250 / 400
  PPC draw 300 / 400
  PPC draw 350 / 400
  PPC draw 400 / 400

Posterior predictive p-values (near 0.5 = good fit):
    Age ppp_prev ppp_tot
  Age 1    0.450   1.000
  Age 2    0.250   0.250
  Age 3    0.743   0.348
  Age 4    0.392   0.462
  Age 5    0.600   0.948
  Age 6    0.630   0.752
  Age 7    0.235   0.038
  Age 8    0.135   0.408
  Age 9    0.332   0.475
 Age 10    0.990   0.620

All HMC results saved to /Users/yichenhe/Desktop/Work/HepC-Transimission-Modelling/two-steps-calibration/hmc_output_full.rds
