
Attaching package: ‘dplyr’

The following objects are masked from ‘package:stats’:

    filter, lag

The following objects are masked from ‘package:base’:

    intersect, setdiff, setequal, union

[1] "Simulation time: 0.14 seconds"
[1] "Total population: 33722.15"
Starting Nelder-Mead run 1/6
start 1: evaluation 500, best negative log-posterior = 18.449922
start 1: evaluation 1000, best negative log-posterior = 18.330243
start 1: evaluation 1500, best negative log-posterior = 18.279722
start 1: evaluation 2000, best negative log-posterior = 18.253777
start 1: evaluation 2500, best negative log-posterior = 18.245401
start 1: evaluation 3000, best negative log-posterior = 18.243158
start 1: evaluation 3500, best negative log-posterior = 18.241837
start 1: evaluation 4000, best negative log-posterior = 18.241195
Starting Nelder-Mead run 2/6
start 2: evaluation 500, best negative log-posterior = 258.496272
start 2: evaluation 1000, best negative log-posterior = 95.241387
start 2: evaluation 1500, best negative log-posterior = 51.330091
start 2: evaluation 2000, best negative log-posterior = 44.392494
start 2: evaluation 2500, best negative log-posterior = 43.106263
start 2: evaluation 3000, best negative log-posterior = 42.941066
Starting Nelder-Mead run 3/6
start 3: evaluation 500, best negative log-posterior = 122.496881
start 3: evaluation 1000, best negative log-posterior = 48.885031
start 3: evaluation 1500, best negative log-posterior = 33.625601
start 3: evaluation 2000, best negative log-posterior = 32.907512
start 3: evaluation 2500, best negative log-posterior = 31.966649
start 3: evaluation 3000, best negative log-posterior = 31.323749
Starting Nelder-Mead run 4/6
start 4: evaluation 500, best negative log-posterior = 80.180920
start 4: evaluation 1000, best negative log-posterior = 40.879531
start 4: evaluation 1500, best negative log-posterior = 32.103696
start 4: evaluation 2000, best negative log-posterior = 30.321919
start 4: evaluation 2500, best negative log-posterior = 29.738678
start 4: evaluation 3000, best negative log-posterior = 29.569904
Starting Nelder-Mead run 5/6
start 5: evaluation 500, best negative log-posterior = 47.274724
start 5: evaluation 1000, best negative log-posterior = 31.678033
start 5: evaluation 1500, best negative log-posterior = 23.799350
start 5: evaluation 2000, best negative log-posterior = 23.347403
Starting Nelder-Mead run 6/6
start 6: evaluation 500, best negative log-posterior = 289.545917
start 6: evaluation 1000, best negative log-posterior = 117.205379
start 6: evaluation 1500, best negative log-posterior = 93.335854
start 6: evaluation 2000, best negative log-posterior = 78.674878
start 6: evaluation 2500, best negative log-posterior = 70.937088
start 6: evaluation 3000, best negative log-posterior = 67.884681
start 6: evaluation 3500, best negative log-posterior = 62.723517
start 6: evaluation 4000, best negative log-posterior = 59.768814
start 6: evaluation 4500, best negative log-posterior = 59.282134
start 6: evaluation 5000, best negative log-posterior = 59.003444
start 6: evaluation 5500, best negative log-posterior = 58.749287
start 6: evaluation 6000, best negative log-posterior = 58.445432
start 6: evaluation 6500, best negative log-posterior = 56.354332
start 6: evaluation 7000, best negative log-posterior = 49.875902
start 6: evaluation 7500, best negative log-posterior = 45.364355
Nelder-Mead MAP fit
  best start: 1
  convergence code: 0 (0 means successful)
  log posterior: -18.240449
  log likelihood: -35.436197
  log prior: 17.195748
    C_contact_scale_1     C_contact_scale_2     C_contact_scale_3 
              8.22474               0.41472               0.18063 
    C_contact_scale_4     C_contact_scale_5     C_contact_scale_6 
              0.11353               0.18008               0.77968 
    C_contact_scale_7     C_contact_scale_8     C_contact_scale_9 
              3.35614               3.36100               1.34887 
   C_contact_scale_10  tot_in_scaling_fct_1  tot_in_scaling_fct_2 
              0.63010               5.04857               3.06717 
 tot_in_scaling_fct_3  tot_in_scaling_fct_4  tot_in_scaling_fct_5 
              2.18829               1.66191               4.81998 
 tot_in_scaling_fct_6  tot_in_scaling_fct_7  tot_in_scaling_fct_8 
             27.12280              95.98897              93.93202 
 tot_in_scaling_fct_9 tot_in_scaling_fct_10 
             28.78257               1.82758 
Saved Nelder-Mead outputs in /Users/yichenhe/Desktop/Work/HepC-Transimission-Modelling/two-steps-calibration
Warning messages:
1: Removed 1 row containing missing values or values outside the scale range
(`geom_segment()`). 
2: Removed 1 row containing missing values or values outside the scale range
(`geom_point()`). 
